C:\Users\MagoRox\Desktop\lab_gobang_AI\implementation\system.ngc 1419869623
C:/Users/MagoRox/Desktop/lab_gobang_AI/implementation/dip_switches_8bits_wrapper.ngc 1419869545
C:/Users/MagoRox/Desktop/lab_gobang_AI/implementation/rs232_uart_1_wrapper.ngc 1419869545
C:/Users/MagoRox/Desktop/lab_gobang_AI/implementation/clock_generator_0_wrapper.ngc 1419869593
C:/Users/MagoRox/Desktop/lab_gobang_AI/implementation/proc_sys_reset_0_wrapper.ngc 1419869545
C:/Users/MagoRox/Desktop/lab_gobang_AI/implementation/microblaze_0_wrapper.ngc 1419869545
C:/Users/MagoRox/Desktop/lab_gobang_AI/implementation/mb_plb_wrapper.ngc 1419869545
C:/Users/MagoRox/Desktop/lab_gobang_AI/implementation/ilmb_wrapper.ngc 1419869545
C:/Users/MagoRox/Desktop/lab_gobang_AI/implementation/dlmb_wrapper.ngc 1419869545
C:/Users/MagoRox/Desktop/lab_gobang_AI/implementation/dlmb_cntlr_wrapper.ngc 1419869545
C:/Users/MagoRox/Desktop/lab_gobang_AI/implementation/ilmb_cntlr_wrapper.ngc 1419869545
C:/Users/MagoRox/Desktop/lab_gobang_AI/implementation/micron_ram_wrapper.ngc 1419869545
C:/Users/MagoRox/Desktop/lab_gobang_AI/implementation/mdm_0_wrapper.ngc 1419869545
C:/Users/MagoRox/Desktop/lab_gobang_AI/implementation/vga_ip_0_wrapper.ngc 1419869588
C:/Users/MagoRox/Desktop/lab_gobang_AI/implementation/xps_ps2_0_wrapper.ngc 1419869545
C:/Users/MagoRox/Desktop/lab_gobang_AI/implementation/xps_timer_0_wrapper.ngc 1419869545
C:/Users/MagoRox/Desktop/lab_gobang_AI/implementation/xps_intc_0_wrapper.ngc 1419869545
C:/Users/MagoRox/Desktop/lab_gobang_AI/implementation/sevseg_disp_12bits_wrapper.ngc 1419869545
C:/Users/MagoRox/Desktop/lab_gobang_AI/implementation/lmb_bram_wrapper.ngc 1419869545
C:/Users/MagoRox/Desktop/lab_gobang_AI/implementation/mem_bus_mux_0_wrapper.ngc 1419869545
OK
